// Vitest Snapshot v1, https://vitest.dev/guide/snapshot.html

exports[`update password > should return errors if wrong request payload 1`] = `"<span class="text-red-700">email: Required, currentPassword: Required, newPassword: Required</span>"`;

exports[`update password > should return incorrect password if invalid existing password 1`] = `"<span class="text-red-700">Incorrect password</span>"`;

exports[`update password > should return success if password updated 1`] = `"<div class="text-center text-2xl text-green-700">Password updated successfully!</div>"`;

exports[`update password > should return user not found if wrong email 1`] = `"<span class="text-red-700">User not found</span>"`;
